// Jest Snapshot v1, https://goo.gl/fbAQLP

exports[`should render ResetPasswordPage correctly 1`] = `
<div
  className="login"
>
  <div
    className="login__box mt-6"
  >
    <div
      className="login__header pt-3 pb-2 px-4"
    >
      <h3
        className="text-center"
      >
        Reset password
      </h3>
    </div>
    <div
      className="login__body pt-4 px-3"
    >
      <Form
        onSubmit={[Function]}
        tag="form"
      >
        <FormGroup
          tag="div"
        >
          <Label
            className="sr-only"
            for="email"
            tag="label"
            widths={
              Array [
                "xs",
                "sm",
                "md",
                "lg",
                "xl",
              ]
            }
          >
            Email
          </Label>
          <Input
            id="email"
            name="email"
            placeholder="Enter your email address..."
            required="required"
            type="email"
          />
        </FormGroup>
        <Button
          color="success"
          tag="button"
        >
          Reset password
        </Button>
        <div
          className="text-center"
        >
          <Link
            replace={false}
            to="/"
          >
            or Log in
          </Link>
        </div>
      </Form>
    </div>
  </div>
</div>
`;

exports[`should render ResetPasswordPage correctly if there is an error 1`] = `
<div
  className="login"
>
  <div
    className="login__box mt-6"
  >
    <div
      className="login__header pt-3 pb-2 px-4"
    >
      <h3
        className="text-center"
      >
        Reset password
      </h3>
    </div>
    <div
      className="login__body pt-4 px-3"
    >
      <Form
        onSubmit={[Function]}
        tag="form"
      >
        <FormGroup
          tag="div"
        >
          <Label
            className="sr-only"
            for="email"
            tag="label"
            widths={
              Array [
                "xs",
                "sm",
                "md",
                "lg",
                "xl",
              ]
            }
          >
            Email
          </Label>
          <Input
            id="email"
            name="email"
            placeholder="Enter your email address..."
            required="required"
            type="email"
          />
        </FormGroup>
        <Button
          color="success"
          tag="button"
        >
          Reset password
        </Button>
        <div
          className="text-center"
        >
          <Link
            replace={false}
            to="/"
          >
            or Log in
          </Link>
        </div>
      </Form>
    </div>
  </div>
</div>
`;

exports[`should render ResetPasswordPage correctly with success message 1`] = `
<div
  className="login"
>
  <div
    className="login__box mt-6"
  >
    <div
      className="login__header pt-3 pb-2 px-4"
    >
      <h3
        className="text-center"
      >
        Reset password
      </h3>
    </div>
    <div
      className="login__body pt-4 px-3"
    >
      <Form
        onSubmit={[Function]}
        tag="form"
      >
        <FormGroup
          tag="div"
        >
          <Label
            className="sr-only"
            for="email"
            tag="label"
            widths={
              Array [
                "xs",
                "sm",
                "md",
                "lg",
                "xl",
              ]
            }
          >
            Email
          </Label>
          <Input
            id="email"
            name="email"
            placeholder="Enter your email address..."
            required="required"
            type="email"
          />
        </FormGroup>
        <Button
          color="success"
          tag="button"
        >
          Reset password
        </Button>
        <div
          className="text-center"
        >
          <Link
            replace={false}
            to="/"
          >
            or Log in
          </Link>
        </div>
      </Form>
    </div>
  </div>
</div>
`;
